[1m[92mINFO[0m: info message
  [1mkey[0m: "value"

